{"level":"info","message":"Server running in development mode on port 5001","service":"softbid-api","timestamp":"2026-08-20 10:03:56"}
{"level":"info","message":"Server running in development mode on port 5001","service":"softbid-api","timestamp":"2026-08-20 10:04:23"}
{"level":"info","message":"Server running in development mode on port 5001","service":"softbid-api","timestamp":"2026-08-20 10:04:26"}
{"level":"info","message":"Server running in development mode on port 5001","service":"softbid-api","timestamp":"2026-08-20 10:05:00"}
{"level":"info","message":"Server running in development mode on port 5001","service":"softbid-api","timestamp":"2026-08-20 10:05:20"}
{"level":"info","message":"Server running in development mode on port 5001","service":"softbid-api","timestamp":"2026-08-20 10:05:42"}
{"level":"info","message":"Server running in development mode on port 5001","service":"softbid-api","timestamp":"2026-08-20 10:06:25"}
{"level":"info","message":"Server running in development mode on port 5001","service":"softbid-api","timestamp":"2026-08-20 10:06:41"}
{"level":"info","message":"Server running in development mode on port 5001","service":"softbid-api","timestamp":"2026-08-20 10:08:19"}
{"level":"info","message":"Server running in development mode on port 5001","service":"softbid-api","timestamp":"2026-08-20 10:14:09"}
{"level":"info","message":"Server running in development mode on port 5001","service":"softbid-api","timestamp":"2026-08-20 10:15:11"}
{"ip":"::1","level":"info","message":"Request completed","method":"POST","responseTime":"370ms","service":"softbid-api","status":200,"timestamp":"2026-08-20 10:15:47","url":"/api/auth/login"}
{"ip":"::1","level":"info","message":"Request completed","method":"GET","responseTime":"97ms","service":"softbid-api","status":200,"timestamp":"2026-08-20 10:15:47","url":"/api/auth/me","userId":"6a42a770b149974d99884086","userRole":"client"}
{"ip":"::1","level":"info","message":"Request completed","method":"GET","responseTime":"89ms","service":"softbid-api","status":304,"timestamp":"2026-08-20 10:15:47","url":"/api/auth/me","userId":"6a42a770b149974d99884086","userRole":"client"}
{"ip":"::1","level":"info","message":"Request completed","method":"GET","responseTime":"164ms","service":"softbid-api","status":200,"timestamp":"2026-08-20 10:15:47","url":"/api/projects/my-projects","userId":"6a42a770b149974d99884086","userRole":"client"}
{"ip":"::1","level":"info","message":"Request completed","method":"GET","responseTime":"149ms","service":"softbid-api","status":304,"timestamp":"2026-08-20 10:15:48","url":"/api/projects/my-projects","userId":"6a42a770b149974d99884086","userRole":"client"}
{"ip":"::1","level":"info","message":"Request completed","method":"GET","responseTime":"226ms","service":"softbid-api","status":200,"timestamp":"2026-08-20 10:15:54","url":"/api/bids/6a42a770b149974d9988408a","userId":"6a42a770b149974d99884086","userRole":"client"}
{"ip":"::1","level":"info","message":"Request completed","method":"GET","responseTime":"235ms","service":"softbid-api","status":200,"timestamp":"2026-08-20 10:15:54","url":"/api/projects/6a42a770b149974d9988408a","userId":"6a42a770b149974d99884086","userRole":"client"}
{"ip":"::1","level":"info","message":"Request completed","method":"GET","responseTime":"233ms","service":"softbid-api","status":304,"timestamp":"2026-08-20 10:15:55","url":"/api/bids/6a42a770b149974d9988408a","userId":"6a42a770b149974d99884086","userRole":"client"}
{"ip":"::1","level":"info","message":"Request completed","method":"GET","responseTime":"233ms","service":"softbid-api","status":304,"timestamp":"2026-08-20 10:15:55","url":"/api/projects/6a42a770b149974d9988408a","userId":"6a42a770b149974d99884086","userRole":"client"}
{"ip":"::1","level":"info","message":"Request completed","method":"GET","responseTime":"76ms","service":"softbid-api","status":304,"timestamp":"2026-08-20 10:16:17","url":"/api/auth/me","userId":"6a42a770b149974d99884086","userRole":"client"}
{"ip":"::1","level":"info","message":"Request completed","method":"GET","responseTime":"89ms","service":"softbid-api","status":304,"timestamp":"2026-08-20 10:16:17","url":"/api/auth/me","userId":"6a42a770b149974d99884086","userRole":"client"}
{"ip":"::1","level":"info","message":"Request completed","method":"GET","responseTime":"179ms","service":"softbid-api","status":304,"timestamp":"2026-08-20 10:16:17","url":"/api/projects/my-projects","userId":"6a42a770b149974d99884086","userRole":"client"}
{"ip":"::1","level":"info","message":"Request completed","method":"GET","responseTime":"150ms","service":"softbid-api","status":304,"timestamp":"2026-08-20 10:16:18","url":"/api/projects/my-projects","userId":"6a42a770b149974d99884086","userRole":"client"}
{"ip":"::1","level":"info","message":"Request completed","method":"POST","responseTime":"367ms","service":"softbid-api","status":200,"timestamp":"2026-08-20 10:16:54","url":"/api/auth/login"}
{"ip":"::1","level":"info","message":"Request completed","method":"GET","responseTime":"160ms","service":"softbid-api","status":200,"timestamp":"2026-08-20 10:16:55","url":"/api/users/providers/6a42a770b149974d9988408b/reviews","userId":"6a42a770b149974d9988408b","userRole":"provider"}
{"ip":"::1","level":"info","message":"Request completed","method":"GET","responseTime":"166ms","service":"softbid-api","status":200,"timestamp":"2026-08-20 10:16:55","url":"/api/users/providers/6a42a770b149974d9988408b","userId":"6a42a770b149974d9988408b","userRole":"provider"}
{"ip":"::1","level":"info","message":"Request completed","method":"GET","responseTime":"159ms","service":"softbid-api","status":304,"timestamp":"2026-08-20 10:16:55","url":"/api/users/providers/6a42a770b149974d9988408b","userId":"6a42a770b149974d9988408b","userRole":"provider"}
{"ip":"::1","level":"info","message":"Request completed","method":"GET","responseTime":"163ms","service":"softbid-api","status":304,"timestamp":"2026-08-20 10:16:55","url":"/api/users/providers/6a42a770b149974d9988408b/reviews","userId":"6a42a770b149974d9988408b","userRole":"provider"}
{"ip":"::1","level":"info","message":"Request completed","method":"PUT","responseTime":"264ms","service":"softbid-api","status":200,"timestamp":"2026-08-20 10:17:11","url":"/api/users/providers/6a42a770b149974d9988408b","userId":"6a42a770b149974d9988408b","userRole":"provider"}
{"ip":"::1","level":"info","message":"Request completed","method":"GET","responseTime":"353ms","service":"softbid-api","status":200,"timestamp":"2026-08-20 10:17:23","url":"/api/projects/open","userId":"6a42a770b149974d9988408b","userRole":"provider"}
{"ip":"::1","level":"info","message":"Request completed","method":"GET","responseTime":"221ms","service":"softbid-api","status":304,"timestamp":"2026-08-20 10:17:23","url":"/api/projects/open","userId":"6a42a770b149974d9988408b","userRole":"provider"}
{"ip":"::1","level":"info","message":"Request completed","method":"GET","responseTime":"227ms","service":"softbid-api","status":200,"timestamp":"2026-08-20 10:17:30","url":"/api/projects/6a7cb5f1dac5a8bea771a493","userId":"6a42a770b149974d9988408b","userRole":"provider"}
{"ip":"::1","level":"info","message":"Request completed","method":"GET","responseTime":"226ms","service":"softbid-api","status":200,"timestamp":"2026-08-20 10:17:30","url":"/api/bids/6a7cb5f1dac5a8bea771a493","userId":"6a42a770b149974d9988408b","userRole":"provider"}
{"ip":"::1","level":"info","message":"Request completed","method":"GET","responseTime":"241ms","service":"softbid-api","status":304,"timestamp":"2026-08-20 10:17:31","url":"/api/projects/6a7cb5f1dac5a8bea771a493","userId":"6a42a770b149974d9988408b","userRole":"provider"}
{"ip":"::1","level":"info","message":"Request completed","method":"GET","responseTime":"239ms","service":"softbid-api","status":304,"timestamp":"2026-08-20 10:17:31","url":"/api/bids/6a7cb5f1dac5a8bea771a493","userId":"6a42a770b149974d9988408b","userRole":"provider"}
{"ip":"::1","level":"info","message":"Request completed","method":"POST","responseTime":"665ms","service":"softbid-api","status":201,"timestamp":"2026-08-20 10:18:22","url":"/api/bids","userId":"6a42a770b149974d9988408b","userRole":"provider"}
{"ip":"::1","level":"info","message":"Request completed","method":"GET","responseTime":"275ms","service":"softbid-api","status":304,"timestamp":"2026-08-20 10:18:50","url":"/api/projects/open","userId":"6a42a770b149974d9988408b","userRole":"provider"}
{"ip":"::1","level":"info","message":"Request completed","method":"GET","responseTime":"249ms","service":"softbid-api","status":304,"timestamp":"2026-08-20 10:18:50","url":"/api/projects/open","userId":"6a42a770b149974d9988408b","userRole":"provider"}
{"ip":"::1","level":"info","message":"Request completed","method":"POST","responseTime":"360ms","service":"softbid-api","status":200,"timestamp":"2026-08-20 10:19:56","url":"/api/auth/login"}
{"ip":"::1","level":"info","message":"Request completed","method":"GET","responseTime":"84ms","service":"softbid-api","status":304,"timestamp":"2026-08-20 10:19:56","url":"/api/auth/me","userId":"6a42a770b149974d99884086","userRole":"client"}
{"ip":"::1","level":"info","message":"Request completed","method":"GET","responseTime":"89ms","service":"softbid-api","status":304,"timestamp":"2026-08-20 10:19:56","url":"/api/auth/me","userId":"6a42a770b149974d99884086","userRole":"client"}
{"ip":"::1","level":"info","message":"Request completed","method":"GET","responseTime":"177ms","service":"softbid-api","status":304,"timestamp":"2026-08-20 10:19:56","url":"/api/projects/my-projects","userId":"6a42a770b149974d99884086","userRole":"client"}
{"ip":"::1","level":"info","message":"Request completed","method":"GET","responseTime":"159ms","service":"softbid-api","status":304,"timestamp":"2026-08-20 10:19:56","url":"/api/projects/my-projects","userId":"6a42a770b149974d99884086","userRole":"client"}
{"ip":"::1","level":"info","message":"Request completed","method":"POST","responseTime":"373ms","service":"softbid-api","status":200,"timestamp":"2026-08-20 10:20:21","url":"/api/auth/login"}
{"ip":"::1","level":"warn","message":"Request completed with error","method":"GET","responseTime":"6ms","service":"softbid-api","status":429,"timestamp":"2026-08-20 10:20:21","url":"/api/auth/me"}
{"ip":"::1","level":"warn","message":"Request completed with error","method":"GET","responseTime":"1ms","service":"softbid-api","status":429,"timestamp":"2026-08-20 10:20:21","url":"/api/auth/me"}
{"ip":"::1","level":"info","message":"Request completed","method":"GET","responseTime":"197ms","service":"softbid-api","status":200,"timestamp":"2026-08-20 10:20:31","url":"/api/users/providers","userId":"6a1970bb4e1bee29b6eccaa5","userRole":"client"}
{"ip":"::1","level":"info","message":"Request completed","method":"GET","responseTime":"346ms","service":"softbid-api","status":200,"timestamp":"2026-08-20 10:20:31","url":"/api/npe/config","userId":"6a1970bb4e1bee29b6eccaa5","userRole":"client"}
{"ip":"::1","level":"info","message":"Request completed","method":"GET","responseTime":"169ms","service":"softbid-api","status":304,"timestamp":"2026-08-20 10:20:31","url":"/api/users/providers","userId":"6a1970bb4e1bee29b6eccaa5","userRole":"client"}
{"ip":"::1","level":"info","message":"Request completed","method":"GET","responseTime":"169ms","service":"softbid-api","status":200,"timestamp":"2026-08-20 10:20:31","url":"/api/npe/config","userId":"6a1970bb4e1bee29b6eccaa5","userRole":"client"}
{"ip":"::1","level":"warn","message":"Request completed with error","method":"GET","responseTime":"1ms","service":"softbid-api","status":429,"timestamp":"2026-08-20 10:20:33","url":"/api/auth/me"}
{"ip":"::1","level":"warn","message":"Request completed with error","method":"GET","responseTime":"0ms","service":"softbid-api","status":429,"timestamp":"2026-08-20 10:20:33","url":"/api/auth/me"}
{"ip":"::1","level":"info","message":"Request completed","method":"GET","responseTime":"153ms","service":"softbid-api","status":304,"timestamp":"2026-08-20 10:20:40","url":"/api/users/providers","userId":"6a1970bb4e1bee29b6eccaa5","userRole":"client"}
{"ip":"::1","level":"info","message":"Request completed","method":"GET","responseTime":"175ms","service":"softbid-api","status":304,"timestamp":"2026-08-20 10:20:40","url":"/api/users/providers","userId":"6a1970bb4e1bee29b6eccaa5","userRole":"client"}
{"ip":"::1","level":"info","message":"Request completed","method":"GET","responseTime":"188ms","service":"softbid-api","status":200,"timestamp":"2026-08-20 10:20:47","url":"/api/users/providers/6a42a770b149974d9988408b","userId":"6a1970bb4e1bee29b6eccaa5","userRole":"client"}
{"ip":"::1","level":"info","message":"Request completed","method":"GET","responseTime":"175ms","service":"softbid-api","status":304,"timestamp":"2026-08-20 10:20:47","url":"/api/users/providers/6a42a770b149974d9988408b/reviews","userId":"6a1970bb4e1bee29b6eccaa5","userRole":"client"}
{"ip":"::1","level":"info","message":"Request completed","method":"GET","responseTime":"206ms","service":"softbid-api","status":304,"timestamp":"2026-08-20 10:20:47","url":"/api/users/providers/6a42a770b149974d9988408b","userId":"6a1970bb4e1bee29b6eccaa5","userRole":"client"}
{"ip":"::1","level":"info","message":"Request completed","method":"GET","responseTime":"175ms","service":"softbid-api","status":304,"timestamp":"2026-08-20 10:20:47","url":"/api/users/providers/6a42a770b149974d9988408b/reviews","userId":"6a1970bb4e1bee29b6eccaa5","userRole":"client"}
{"ip":"::1","level":"warn","message":"Request completed with error","method":"GET","responseTime":"99ms","service":"softbid-api","status":404,"timestamp":"2026-08-20 10:20:52","url":"/api/users/providers/abc.com","userId":"6a1970bb4e1bee29b6eccaa5","userRole":"client"}
{"ip":"::1","level":"warn","message":"Request completed with error","method":"GET","responseTime":"96ms","service":"softbid-api","status":500,"timestamp":"2026-08-20 10:20:52","url":"/api/users/providers/abc.com/reviews","userId":"6a1970bb4e1bee29b6eccaa5","userRole":"client"}
{"ip":"::1","level":"warn","message":"Request completed with error","method":"GET","responseTime":"77ms","service":"softbid-api","status":500,"timestamp":"2026-08-20 10:20:52","url":"/api/users/providers/abc.com/reviews","userId":"6a1970bb4e1bee29b6eccaa5","userRole":"client"}
{"ip":"::1","level":"warn","message":"Request completed with error","method":"GET","responseTime":"82ms","service":"softbid-api","status":404,"timestamp":"2026-08-20 10:20:52","url":"/api/users/providers/abc.com","userId":"6a1970bb4e1bee29b6eccaa5","userRole":"client"}
{"ip":"::1","level":"warn","message":"Request completed with error","method":"POST","responseTime":"93ms","service":"softbid-api","status":400,"timestamp":"2026-08-20 10:21:14","url":"/api/users/providers/6a42a770b149974d9988408b/reviews","userId":"6a1970bb4e1bee29b6eccaa5","userRole":"client"}
{"ip":"::1","level":"info","message":"Request completed","method":"GET","responseTime":"238ms","service":"softbid-api","status":304,"timestamp":"2026-08-20 10:22:17","url":"/api/users/providers/6a42a770b149974d9988408b","userId":"6a1970bb4e1bee29b6eccaa5","userRole":"client"}
{"ip":"::1","level":"info","message":"Request completed","method":"GET","responseTime":"192ms","service":"softbid-api","status":304,"timestamp":"2026-08-20 10:22:17","url":"/api/users/providers/6a42a770b149974d9988408b/reviews","userId":"6a1970bb4e1bee29b6eccaa5","userRole":"client"}
{"ip":"::1","level":"info","message":"Request completed","method":"GET","responseTime":"193ms","service":"softbid-api","status":304,"timestamp":"2026-08-20 10:22:17","url":"/api/users/providers/6a42a770b149974d9988408b","userId":"6a1970bb4e1bee29b6eccaa5","userRole":"client"}
{"ip":"::1","level":"info","message":"Request completed","method":"GET","responseTime":"192ms","service":"softbid-api","status":304,"timestamp":"2026-08-20 10:22:17","url":"/api/users/providers/6a42a770b149974d9988408b/reviews","userId":"6a1970bb4e1bee29b6eccaa5","userRole":"client"}
{"ip":"::1","level":"info","message":"Request completed","method":"POST","responseTime":"369ms","service":"softbid-api","status":200,"timestamp":"2026-08-20 14:08:46","url":"/api/auth/login"}
{"ip":"::1","level":"info","message":"Request completed","method":"GET","responseTime":"96ms","service":"softbid-api","status":200,"timestamp":"2026-08-20 14:08:46","url":"/api/auth/me","userId":"6a1fcc79d71c1c7aceba890f","userRole":"admin"}
{"ip":"::1","level":"info","message":"Request completed","method":"GET","responseTime":"109ms","service":"softbid-api","status":304,"timestamp":"2026-08-20 14:08:47","url":"/api/auth/me","userId":"6a1fcc79d71c1c7aceba890f","userRole":"admin"}
{"ip":"::1","level":"info","message":"Request completed","method":"GET","responseTime":"876ms","service":"softbid-api","status":200,"timestamp":"2026-08-20 14:08:47","url":"/api/projects/all","userId":"6a1fcc79d71c1c7aceba890f","userRole":"admin"}
{"ip":"::1","level":"info","message":"Request completed","method":"GET","responseTime":"224ms","service":"softbid-api","status":304,"timestamp":"2026-08-20 14:08:48","url":"/api/projects/all","userId":"6a1fcc79d71c1c7aceba890f","userRole":"admin"}
{"ip":"::1","level":"info","message":"Request completed","method":"GET","responseTime":"172ms","service":"softbid-api","status":304,"timestamp":"2026-08-20 14:08:48","url":"/api/npe/config","userId":"6a1fcc79d71c1c7aceba890f","userRole":"admin"}
{"ip":"::1","level":"info","message":"Request completed","method":"GET","responseTime":"167ms","service":"softbid-api","status":304,"timestamp":"2026-08-20 14:08:48","url":"/api/npe/config","userId":"6a1fcc79d71c1c7aceba890f","userRole":"admin"}
{"ip":"::1","level":"info","message":"Request completed","method":"GET","responseTime":"183ms","service":"softbid-api","status":304,"timestamp":"2026-08-20 14:16:30","url":"/api/users/providers","userId":"6a1fcc79d71c1c7aceba890f","userRole":"admin"}
{"ip":"::1","level":"info","message":"Request completed","method":"GET","responseTime":"169ms","service":"softbid-api","status":304,"timestamp":"2026-08-20 14:16:30","url":"/api/users/providers","userId":"6a1fcc79d71c1c7aceba890f","userRole":"admin"}
{"ip":"::1","level":"info","message":"Request completed","method":"GET","responseTime":"102ms","service":"softbid-api","status":304,"timestamp":"2026-08-20 14:16:31","url":"/api/auth/me","userId":"6a1fcc79d71c1c7aceba890f","userRole":"admin"}
{"ip":"::1","level":"info","message":"Request completed","method":"GET","responseTime":"73ms","service":"softbid-api","status":304,"timestamp":"2026-08-20 14:16:31","url":"/api/auth/me","userId":"6a1fcc79d71c1c7aceba890f","userRole":"admin"}
{"ip":"::1","level":"info","message":"Request completed","method":"GET","responseTime":"254ms","service":"softbid-api","status":304,"timestamp":"2026-08-20 14:16:31","url":"/api/projects/all","userId":"6a1fcc79d71c1c7aceba890f","userRole":"admin"}
{"ip":"::1","level":"info","message":"Request completed","method":"GET","responseTime":"160ms","service":"softbid-api","status":304,"timestamp":"2026-08-20 14:16:31","url":"/api/npe/config","userId":"6a1fcc79d71c1c7aceba890f","userRole":"admin"}
{"ip":"::1","level":"info","message":"Request completed","method":"GET","responseTime":"239ms","service":"softbid-api","status":304,"timestamp":"2026-08-20 14:16:31","url":"/api/projects/all","userId":"6a1fcc79d71c1c7aceba890f","userRole":"admin"}
{"ip":"::1","level":"info","message":"Request completed","method":"GET","responseTime":"164ms","service":"softbid-api","status":304,"timestamp":"2026-08-20 14:16:31","url":"/api/npe/config","userId":"6a1fcc79d71c1c7aceba890f","userRole":"admin"}
{"ip":"::1","level":"info","message":"Request completed","method":"POST","responseTime":"371ms","service":"softbid-api","status":200,"timestamp":"2026-08-20 14:17:13","url":"/api/auth/login"}
{"ip":"::1","level":"info","message":"Request completed","method":"GET","responseTime":"79ms","service":"softbid-api","status":200,"timestamp":"2026-08-20 14:17:13","url":"/api/auth/me","userId":"6a42a770b149974d99884086","userRole":"client"}
{"ip":"::1","level":"info","message":"Request completed","method":"GET","responseTime":"85ms","service":"softbid-api","status":304,"timestamp":"2026-08-20 14:17:13","url":"/api/auth/me","userId":"6a42a770b149974d99884086","userRole":"client"}
{"ip":"::1","level":"info","message":"Request completed","method":"GET","responseTime":"155ms","service":"softbid-api","status":304,"timestamp":"2026-08-20 14:17:13","url":"/api/projects/my-projects","userId":"6a42a770b149974d99884086","userRole":"client"}
{"ip":"::1","level":"info","message":"Request completed","method":"GET","responseTime":"206ms","service":"softbid-api","status":304,"timestamp":"2026-08-20 14:17:13","url":"/api/projects/my-projects","userId":"6a42a770b149974d99884086","userRole":"client"}
{"ip":"::1","level":"info","message":"Request completed","method":"GET","responseTime":"289ms","service":"softbid-api","status":304,"timestamp":"2026-08-20 14:17:17","url":"/api/bids/6a42a770b149974d9988408a","userId":"6a42a770b149974d99884086","userRole":"client"}
{"ip":"::1","level":"info","message":"Request completed","method":"GET","responseTime":"296ms","service":"softbid-api","status":304,"timestamp":"2026-08-20 14:17:17","url":"/api/projects/6a42a770b149974d9988408a","userId":"6a42a770b149974d99884086","userRole":"client"}
{"ip":"::1","level":"info","message":"Request completed","method":"GET","responseTime":"235ms","service":"softbid-api","status":304,"timestamp":"2026-08-20 14:17:17","url":"/api/projects/6a42a770b149974d9988408a","userId":"6a42a770b149974d99884086","userRole":"client"}
{"ip":"::1","level":"info","message":"Request completed","method":"GET","responseTime":"239ms","service":"softbid-api","status":304,"timestamp":"2026-08-20 14:17:17","url":"/api/bids/6a42a770b149974d9988408a","userId":"6a42a770b149974d99884086","userRole":"client"}
{"ip":"::1","level":"info","message":"Request completed","method":"GET","responseTime":"223ms","service":"softbid-api","status":304,"timestamp":"2026-08-20 14:21:05","url":"/api/projects/6a42a770b149974d9988408a","userId":"6a42a770b149974d99884086","userRole":"client"}
{"ip":"::1","level":"info","message":"Request completed","method":"GET","responseTime":"224ms","service":"softbid-api","status":304,"timestamp":"2026-08-20 14:21:05","url":"/api/bids/6a42a770b149974d9988408a","userId":"6a42a770b149974d99884086","userRole":"client"}
{"ip":"::1","level":"info","message":"Request completed","method":"GET","responseTime":"225ms","service":"softbid-api","status":304,"timestamp":"2026-08-20 14:21:05","url":"/api/bids/6a42a770b149974d9988408a","userId":"6a42a770b149974d99884086","userRole":"client"}
{"ip":"::1","level":"info","message":"Request completed","method":"GET","responseTime":"244ms","service":"softbid-api","status":304,"timestamp":"2026-08-20 14:21:05","url":"/api/projects/6a42a770b149974d9988408a","userId":"6a42a770b149974d99884086","userRole":"client"}
{"ip":"::1","level":"info","message":"Request completed","method":"GET","responseTime":"174ms","service":"softbid-api","status":304,"timestamp":"2026-08-20 14:21:41","url":"/api/npe/config","userId":"6a42a770b149974d99884086","userRole":"client"}
{"ip":"::1","level":"info","message":"Request completed","method":"GET","responseTime":"165ms","service":"softbid-api","status":304,"timestamp":"2026-08-20 14:21:41","url":"/api/users/providers","userId":"6a42a770b149974d99884086","userRole":"client"}
{"ip":"::1","level":"info","message":"Request completed","method":"GET","responseTime":"141ms","service":"softbid-api","status":304,"timestamp":"2026-08-20 14:21:41","url":"/api/npe/config","userId":"6a42a770b149974d99884086","userRole":"client"}
{"ip":"::1","level":"info","message":"Request completed","method":"GET","responseTime":"150ms","service":"softbid-api","status":304,"timestamp":"2026-08-20 14:21:41","url":"/api/users/providers","userId":"6a42a770b149974d99884086","userRole":"client"}
{"ip":"::1","level":"info","message":"Request completed","method":"POST","responseTime":"178ms","service":"softbid-api","status":200,"timestamp":"2026-08-20 14:23:46","url":"/api/npe/preview","userId":"6a42a770b149974d99884086","userRole":"client"}
{"ip":"::1","level":"info","message":"Request completed","method":"POST","responseTime":"171ms","service":"softbid-api","status":200,"timestamp":"2026-08-20 14:24:15","url":"/api/npe/preview","userId":"6a42a770b149974d99884086","userRole":"client"}
{"ip":"::1","level":"info","message":"Request completed","method":"POST","responseTime":"259ms","service":"softbid-api","status":201,"timestamp":"2026-08-20 14:24:35","url":"/api/projects","userId":"6a42a770b149974d99884086","userRole":"client"}
{"ip":"::1","level":"info","message":"Request completed","method":"GET","responseTime":"89ms","service":"softbid-api","status":304,"timestamp":"2026-08-20 14:24:35","url":"/api/auth/me","userId":"6a42a770b149974d99884086","userRole":"client"}
{"ip":"::1","level":"info","message":"Request completed","method":"GET","responseTime":"80ms","service":"softbid-api","status":304,"timestamp":"2026-08-20 14:24:35","url":"/api/auth/me","userId":"6a42a770b149974d99884086","userRole":"client"}
{"ip":"::1","level":"info","message":"Request completed","method":"GET","responseTime":"150ms","service":"softbid-api","status":200,"timestamp":"2026-08-20 14:24:35","url":"/api/projects/my-projects","userId":"6a42a770b149974d99884086","userRole":"client"}
{"ip":"::1","level":"info","message":"Request completed","method":"GET","responseTime":"176ms","service":"softbid-api","status":304,"timestamp":"2026-08-20 14:24:36","url":"/api/projects/my-projects","userId":"6a42a770b149974d99884086","userRole":"client"}
{"ip":"::1","level":"info","message":"Request completed","method":"GET","responseTime":"143ms","service":"softbid-api","status":200,"timestamp":"2026-08-20 14:24:40","url":"/api/bids/6a86c0cb561f528f30bda0a5","userId":"6a42a770b149974d99884086","userRole":"client"}
{"ip":"::1","level":"info","message":"Request completed","method":"GET","responseTime":"155ms","service":"softbid-api","status":304,"timestamp":"2026-08-20 14:24:40","url":"/api/bids/6a86c0cb561f528f30bda0a5","userId":"6a42a770b149974d99884086","userRole":"client"}
{"ip":"::1","level":"info","message":"Request completed","method":"GET","responseTime":"845ms","service":"softbid-api","status":200,"timestamp":"2026-08-20 14:24:41","url":"/api/projects/6a86c0cb561f528f30bda0a5","userId":"6a42a770b149974d99884086","userRole":"client"}
{"ip":"::1","level":"info","message":"Request completed","method":"GET","responseTime":"245ms","service":"softbid-api","status":304,"timestamp":"2026-08-20 14:24:41","url":"/api/projects/6a86c0cb561f528f30bda0a5","userId":"6a42a770b149974d99884086","userRole":"client"}
{"ip":"::1","level":"info","message":"Request completed","method":"GET","responseTime":"99ms","service":"softbid-api","status":304,"timestamp":"2026-08-20 14:24:57","url":"/api/auth/me","userId":"6a42a770b149974d99884086","userRole":"client"}
{"ip":"::1","level":"info","message":"Request completed","method":"GET","responseTime":"71ms","service":"softbid-api","status":304,"timestamp":"2026-08-20 14:24:57","url":"/api/auth/me","userId":"6a42a770b149974d99884086","userRole":"client"}
{"ip":"::1","level":"info","message":"Request completed","method":"GET","responseTime":"164ms","service":"softbid-api","status":304,"timestamp":"2026-08-20 14:24:57","url":"/api/projects/my-projects","userId":"6a42a770b149974d99884086","userRole":"client"}
{"ip":"::1","level":"info","message":"Request completed","method":"GET","responseTime":"189ms","service":"softbid-api","status":304,"timestamp":"2026-08-20 14:24:57","url":"/api/projects/my-projects","userId":"6a42a770b149974d99884086","userRole":"client"}
{"ip":"::1","level":"info","message":"Request completed","method":"GET","responseTime":"153ms","service":"softbid-api","status":304,"timestamp":"2026-08-20 14:24:59","url":"/api/bids/6a86c0cb561f528f30bda0a5","userId":"6a42a770b149974d99884086","userRole":"client"}
{"ip":"::1","level":"info","message":"Request completed","method":"GET","responseTime":"222ms","service":"softbid-api","status":304,"timestamp":"2026-08-20 14:24:59","url":"/api/projects/6a86c0cb561f528f30bda0a5","userId":"6a42a770b149974d99884086","userRole":"client"}
{"ip":"::1","level":"info","message":"Request completed","method":"GET","responseTime":"155ms","service":"softbid-api","status":304,"timestamp":"2026-08-20 14:24:59","url":"/api/bids/6a86c0cb561f528f30bda0a5","userId":"6a42a770b149974d99884086","userRole":"client"}
{"ip":"::1","level":"info","message":"Request completed","method":"GET","responseTime":"248ms","service":"softbid-api","status":304,"timestamp":"2026-08-20 14:24:59","url":"/api/projects/6a86c0cb561f528f30bda0a5","userId":"6a42a770b149974d99884086","userRole":"client"}
{"ip":"::1","level":"info","message":"Request completed","method":"GET","responseTime":"111ms","service":"softbid-api","status":304,"timestamp":"2026-08-20 14:25:30","url":"/api/auth/me","userId":"6a42a770b149974d99884086","userRole":"client"}
{"ip":"::1","level":"info","message":"Request completed","method":"GET","responseTime":"82ms","service":"softbid-api","status":304,"timestamp":"2026-08-20 14:25:30","url":"/api/auth/me","userId":"6a42a770b149974d99884086","userRole":"client"}
{"ip":"::1","level":"info","message":"Request completed","method":"GET","responseTime":"194ms","service":"softbid-api","status":304,"timestamp":"2026-08-20 14:25:30","url":"/api/projects/my-projects","userId":"6a42a770b149974d99884086","userRole":"client"}
{"ip":"::1","level":"info","message":"Request completed","method":"GET","responseTime":"165ms","service":"softbid-api","status":304,"timestamp":"2026-08-20 14:25:30","url":"/api/projects/my-projects","userId":"6a42a770b149974d99884086","userRole":"client"}
{"ip":"::1","level":"info","message":"Request completed","method":"GET","responseTime":"179ms","service":"softbid-api","status":304,"timestamp":"2026-08-20 14:25:31","url":"/api/npe/config","userId":"6a42a770b149974d99884086","userRole":"client"}
{"ip":"::1","level":"info","message":"Request completed","method":"GET","responseTime":"178ms","service":"softbid-api","status":304,"timestamp":"2026-08-20 14:25:31","url":"/api/users/providers","userId":"6a42a770b149974d99884086","userRole":"client"}
{"ip":"::1","level":"info","message":"Request completed","method":"GET","responseTime":"161ms","service":"softbid-api","status":304,"timestamp":"2026-08-20 14:25:32","url":"/api/users/providers","userId":"6a42a770b149974d99884086","userRole":"client"}
{"ip":"::1","level":"info","message":"Request completed","method":"GET","responseTime":"168ms","service":"softbid-api","status":304,"timestamp":"2026-08-20 14:25:32","url":"/api/npe/config","userId":"6a42a770b149974d99884086","userRole":"client"}
{"ip":"::1","level":"info","message":"Request completed","method":"POST","responseTime":"175ms","service":"softbid-api","status":200,"timestamp":"2026-08-20 14:26:28","url":"/api/npe/preview","userId":"6a42a770b149974d99884086","userRole":"client"}
{"ip":"::1","level":"info","message":"Request completed","method":"POST","responseTime":"254ms","service":"softbid-api","status":201,"timestamp":"2026-08-20 14:26:31","url":"/api/projects","userId":"6a42a770b149974d99884086","userRole":"client"}
{"ip":"::1","level":"info","message":"Request completed","method":"GET","responseTime":"84ms","service":"softbid-api","status":304,"timestamp":"2026-08-20 14:26:31","url":"/api/auth/me","userId":"6a42a770b149974d99884086","userRole":"client"}
{"ip":"::1","level":"info","message":"Request completed","method":"GET","responseTime":"87ms","service":"softbid-api","status":304,"timestamp":"2026-08-20 14:26:31","url":"/api/auth/me","userId":"6a42a770b149974d99884086","userRole":"client"}
{"ip":"::1","level":"info","message":"Request completed","method":"GET","responseTime":"173ms","service":"softbid-api","status":200,"timestamp":"2026-08-20 14:26:31","url":"/api/projects/my-projects","userId":"6a42a770b149974d99884086","userRole":"client"}
{"ip":"::1","level":"info","message":"Request completed","method":"GET","responseTime":"157ms","service":"softbid-api","status":304,"timestamp":"2026-08-20 14:26:31","url":"/api/projects/my-projects","userId":"6a42a770b149974d99884086","userRole":"client"}
{"ip":"::1","level":"info","message":"Request completed","method":"GET","responseTime":"148ms","service":"softbid-api","status":200,"timestamp":"2026-08-20 14:26:34","url":"/api/bids/6a86c13f561f528f30bda0c7","userId":"6a42a770b149974d99884086","userRole":"client"}
{"ip":"::1","level":"info","message":"Request completed","method":"GET","responseTime":"222ms","service":"softbid-api","status":200,"timestamp":"2026-08-20 14:26:34","url":"/api/projects/6a86c13f561f528f30bda0c7","userId":"6a42a770b149974d99884086","userRole":"client"}
{"ip":"::1","level":"info","message":"Request completed","method":"GET","responseTime":"151ms","service":"softbid-api","status":304,"timestamp":"2026-08-20 14:26:35","url":"/api/bids/6a86c13f561f528f30bda0c7","userId":"6a42a770b149974d99884086","userRole":"client"}
{"ip":"::1","level":"info","message":"Request completed","method":"GET","responseTime":"240ms","service":"softbid-api","status":304,"timestamp":"2026-08-20 14:26:35","url":"/api/projects/6a86c13f561f528f30bda0c7","userId":"6a42a770b149974d99884086","userRole":"client"}
{"ip":"::1","level":"info","message":"Request completed","method":"POST","responseTime":"386ms","service":"softbid-api","status":200,"timestamp":"2026-08-20 14:27:26","url":"/api/auth/login"}
{"ip":"::1","level":"info","message":"Request completed","method":"GET","responseTime":"146ms","service":"softbid-api","status":304,"timestamp":"2026-08-20 14:27:26","url":"/api/users/providers/6a42a770b149974d9988408b","userId":"6a42a770b149974d9988408b","userRole":"provider"}
{"ip":"::1","level":"info","message":"Request completed","method":"GET","responseTime":"172ms","service":"softbid-api","status":304,"timestamp":"2026-08-20 14:27:26","url":"/api/users/providers/6a42a770b149974d9988408b/reviews","userId":"6a42a770b149974d9988408b","userRole":"provider"}
{"ip":"::1","level":"info","message":"Request completed","method":"GET","responseTime":"164ms","service":"softbid-api","status":304,"timestamp":"2026-08-20 14:27:26","url":"/api/users/providers/6a42a770b149974d9988408b","userId":"6a42a770b149974d9988408b","userRole":"provider"}
{"ip":"::1","level":"info","message":"Request completed","method":"GET","responseTime":"193ms","service":"softbid-api","status":304,"timestamp":"2026-08-20 14:27:26","url":"/api/users/providers/6a42a770b149974d9988408b/reviews","userId":"6a42a770b149974d9988408b","userRole":"provider"}
{"ip":"::1","level":"info","message":"Request completed","method":"GET","responseTime":"268ms","service":"softbid-api","status":200,"timestamp":"2026-08-20 14:27:32","url":"/api/projects/open","userId":"6a42a770b149974d9988408b","userRole":"provider"}
{"ip":"::1","level":"info","message":"Request completed","method":"GET","responseTime":"262ms","service":"softbid-api","status":304,"timestamp":"2026-08-20 14:27:32","url":"/api/projects/open","userId":"6a42a770b149974d9988408b","userRole":"provider"}
{"ip":"::1","level":"info","message":"Request completed","method":"GET","responseTime":"158ms","service":"softbid-api","status":304,"timestamp":"2026-08-20 14:27:35","url":"/api/bids/6a86c13f561f528f30bda0c7","userId":"6a42a770b149974d9988408b","userRole":"provider"}
{"ip":"::1","level":"info","message":"Request completed","method":"GET","responseTime":"247ms","service":"softbid-api","status":304,"timestamp":"2026-08-20 14:27:35","url":"/api/projects/6a86c13f561f528f30bda0c7","userId":"6a42a770b149974d9988408b","userRole":"provider"}
{"ip":"::1","level":"info","message":"Request completed","method":"GET","responseTime":"157ms","service":"softbid-api","status":304,"timestamp":"2026-08-20 14:27:35","url":"/api/bids/6a86c13f561f528f30bda0c7","userId":"6a42a770b149974d9988408b","userRole":"provider"}
{"ip":"::1","level":"info","message":"Request completed","method":"GET","responseTime":"255ms","service":"softbid-api","status":304,"timestamp":"2026-08-20 14:27:35","url":"/api/projects/6a86c13f561f528f30bda0c7","userId":"6a42a770b149974d9988408b","userRole":"provider"}
{"ip":"::1","level":"info","message":"Request completed","method":"POST","responseTime":"579ms","service":"softbid-api","status":201,"timestamp":"2026-08-20 14:27:59","url":"/api/bids","userId":"6a42a770b149974d9988408b","userRole":"provider"}
{"level":"info","message":"Server running in development mode on port 5001","service":"softbid-api","timestamp":"2026-08-23 03:58:40"}
{"ip":"::1","level":"info","message":"Request completed","method":"POST","responseTime":"361ms","service":"softbid-api","status":200,"timestamp":"2026-08-23 03:59:23","url":"/api/auth/login"}
{"ip":"::1","level":"info","message":"Request completed","method":"GET","responseTime":"64ms","service":"softbid-api","status":304,"timestamp":"2026-08-23 03:59:23","url":"/api/auth/me","userId":"6a42a770b149974d99884086","userRole":"client"}
{"ip":"::1","level":"info","message":"Request completed","method":"GET","responseTime":"56ms","service":"softbid-api","status":304,"timestamp":"2026-08-23 03:59:23","url":"/api/auth/me","userId":"6a42a770b149974d99884086","userRole":"client"}
{"ip":"::1","level":"info","message":"Request completed","method":"GET","responseTime":"127ms","service":"softbid-api","status":304,"timestamp":"2026-08-23 03:59:23","url":"/api/projects/my-projects","userId":"6a42a770b149974d99884086","userRole":"client"}
{"ip":"::1","level":"info","message":"Request completed","method":"GET","responseTime":"128ms","service":"softbid-api","status":304,"timestamp":"2026-08-23 03:59:23","url":"/api/projects/my-projects","userId":"6a42a770b149974d99884086","userRole":"client"}
{"ip":"::1","level":"info","message":"Request completed","method":"GET","responseTime":"205ms","service":"softbid-api","status":304,"timestamp":"2026-08-23 03:59:32","url":"/api/projects/6a86c13f561f528f30bda0c7","userId":"6a42a770b149974d99884086","userRole":"client"}
{"ip":"::1","level":"info","message":"Request completed","method":"GET","responseTime":"218ms","service":"softbid-api","status":200,"timestamp":"2026-08-23 03:59:32","url":"/api/bids/6a86c13f561f528f30bda0c7","userId":"6a42a770b149974d99884086","userRole":"client"}
{"ip":"::1","level":"info","message":"Request completed","method":"GET","responseTime":"178ms","service":"softbid-api","status":304,"timestamp":"2026-08-23 03:59:32","url":"/api/projects/6a86c13f561f528f30bda0c7","userId":"6a42a770b149974d99884086","userRole":"client"}
{"ip":"::1","level":"info","message":"Request completed","method":"GET","responseTime":"197ms","service":"softbid-api","status":304,"timestamp":"2026-08-23 03:59:32","url":"/api/bids/6a86c13f561f528f30bda0c7","userId":"6a42a770b149974d99884086","userRole":"client"}
{"ip":"::1","level":"info","message":"Request completed","method":"GET","responseTime":"125ms","service":"softbid-api","status":304,"timestamp":"2026-08-23 04:03:23","url":"/api/users/providers","userId":"6a42a770b149974d99884086","userRole":"client"}
{"ip":"::1","level":"info","message":"Request completed","method":"GET","responseTime":"130ms","service":"softbid-api","status":304,"timestamp":"2026-08-23 04:03:23","url":"/api/npe/config","userId":"6a42a770b149974d99884086","userRole":"client"}
{"ip":"::1","level":"info","message":"Request completed","method":"GET","responseTime":"122ms","service":"softbid-api","status":304,"timestamp":"2026-08-23 04:03:23","url":"/api/npe/config","userId":"6a42a770b149974d99884086","userRole":"client"}
{"ip":"::1","level":"info","message":"Request completed","method":"GET","responseTime":"129ms","service":"softbid-api","status":304,"timestamp":"2026-08-23 04:03:23","url":"/api/users/providers","userId":"6a42a770b149974d99884086","userRole":"client"}
{"ip":"::1","level":"info","message":"Request completed","method":"POST","responseTime":"153ms","service":"softbid-api","status":200,"timestamp":"2026-08-23 04:05:01","url":"/api/npe/preview","userId":"6a42a770b149974d99884086","userRole":"client"}
{"ip":"::1","level":"info","message":"Request completed","method":"POST","responseTime":"203ms","service":"softbid-api","status":201,"timestamp":"2026-08-23 04:05:08","url":"/api/projects","userId":"6a42a770b149974d99884086","userRole":"client"}
{"ip":"::1","level":"info","message":"Request completed","method":"GET","responseTime":"65ms","service":"softbid-api","status":304,"timestamp":"2026-08-23 04:05:08","url":"/api/auth/me","userId":"6a42a770b149974d99884086","userRole":"client"}
{"ip":"::1","level":"info","message":"Request completed","method":"GET","responseTime":"70ms","service":"softbid-api","status":304,"timestamp":"2026-08-23 04:05:08","url":"/api/auth/me","userId":"6a42a770b149974d99884086","userRole":"client"}
{"ip":"::1","level":"info","message":"Request completed","method":"GET","responseTime":"115ms","service":"softbid-api","status":200,"timestamp":"2026-08-23 04:05:09","url":"/api/projects/my-projects","userId":"6a42a770b149974d99884086","userRole":"client"}
{"ip":"::1","level":"info","message":"Request completed","method":"GET","responseTime":"117ms","service":"softbid-api","status":304,"timestamp":"2026-08-23 04:05:09","url":"/api/projects/my-projects","userId":"6a42a770b149974d99884086","userRole":"client"}
{"ip":"::1","level":"info","message":"Request completed","method":"GET","responseTime":"114ms","service":"softbid-api","status":200,"timestamp":"2026-08-23 04:05:12","url":"/api/bids/6a8a241c54cdc40bf5f2ce17","userId":"6a42a770b149974d99884086","userRole":"client"}
{"ip":"::1","level":"info","message":"Request completed","method":"GET","responseTime":"181ms","service":"softbid-api","status":200,"timestamp":"2026-08-23 04:05:12","url":"/api/projects/6a8a241c54cdc40bf5f2ce17","userId":"6a42a770b149974d99884086","userRole":"client"}
{"ip":"::1","level":"info","message":"Request completed","method":"GET","responseTime":"113ms","service":"softbid-api","status":304,"timestamp":"2026-08-23 04:05:12","url":"/api/bids/6a8a241c54cdc40bf5f2ce17","userId":"6a42a770b149974d99884086","userRole":"client"}
{"ip":"::1","level":"info","message":"Request completed","method":"GET","responseTime":"184ms","service":"softbid-api","status":304,"timestamp":"2026-08-23 04:05:12","url":"/api/projects/6a8a241c54cdc40bf5f2ce17","userId":"6a42a770b149974d99884086","userRole":"client"}
{"level":"info","message":"Server running in development mode on port 5001","service":"softbid-api","timestamp":"2026-08-23 04:07:48"}
{"ip":"::1","level":"info","message":"Request completed","method":"GET","responseTime":"166ms","service":"softbid-api","status":304,"timestamp":"2026-08-23 04:08:53","url":"/api/users/providers","userId":"6a42a770b149974d99884086","userRole":"client"}
{"ip":"::1","level":"info","message":"Request completed","method":"GET","responseTime":"192ms","service":"softbid-api","status":304,"timestamp":"2026-08-23 04:08:53","url":"/api/npe/config","userId":"6a42a770b149974d99884086","userRole":"client"}
{"ip":"::1","level":"info","message":"Request completed","method":"GET","responseTime":"122ms","service":"softbid-api","status":304,"timestamp":"2026-08-23 04:08:53","url":"/api/npe/config","userId":"6a42a770b149974d99884086","userRole":"client"}
{"ip":"::1","level":"info","message":"Request completed","method":"GET","responseTime":"136ms","service":"softbid-api","status":304,"timestamp":"2026-08-23 04:08:53","url":"/api/users/providers","userId":"6a42a770b149974d99884086","userRole":"client"}
{"ip":"::1","level":"info","message":"Request completed","method":"POST","responseTime":"175ms","service":"softbid-api","status":200,"timestamp":"2026-08-23 04:09:38","url":"/api/npe/preview","userId":"6a42a770b149974d99884086","userRole":"client"}
{"ip":"::1","level":"info","message":"Request completed","method":"POST","responseTime":"287ms","service":"softbid-api","status":201,"timestamp":"2026-08-23 04:09:41","url":"/api/projects","userId":"6a42a770b149974d99884086","userRole":"client"}
{"ip":"::1","level":"info","message":"Request completed","method":"GET","responseTime":"67ms","service":"softbid-api","status":304,"timestamp":"2026-08-23 04:09:41","url":"/api/auth/me","userId":"6a42a770b149974d99884086","userRole":"client"}
{"ip":"::1","level":"info","message":"Request completed","method":"GET","responseTime":"70ms","service":"softbid-api","status":304,"timestamp":"2026-08-23 04:09:41","url":"/api/auth/me","userId":"6a42a770b149974d99884086","userRole":"client"}
{"ip":"::1","level":"info","message":"Request completed","method":"GET","responseTime":"144ms","service":"softbid-api","status":200,"timestamp":"2026-08-23 04:09:41","url":"/api/projects/my-projects","userId":"6a42a770b149974d99884086","userRole":"client"}
{"ip":"::1","level":"info","message":"Request completed","method":"GET","responseTime":"127ms","service":"softbid-api","status":304,"timestamp":"2026-08-23 04:09:42","url":"/api/projects/my-projects","userId":"6a42a770b149974d99884086","userRole":"client"}
{"ip":"::1","level":"info","message":"Request completed","method":"GET","responseTime":"134ms","service":"softbid-api","status":200,"timestamp":"2026-08-23 04:09:44","url":"/api/bids/6a8a252d17d98e2d77debfaa","userId":"6a42a770b149974d99884086","userRole":"client"}
{"ip":"::1","level":"info","message":"Request completed","method":"GET","responseTime":"173ms","service":"softbid-api","status":200,"timestamp":"2026-08-23 04:09:44","url":"/api/projects/6a8a252d17d98e2d77debfaa","userId":"6a42a770b149974d99884086","userRole":"client"}
{"ip":"::1","level":"info","message":"Request completed","method":"GET","responseTime":"135ms","service":"softbid-api","status":304,"timestamp":"2026-08-23 04:09:44","url":"/api/bids/6a8a252d17d98e2d77debfaa","userId":"6a42a770b149974d99884086","userRole":"client"}
{"ip":"::1","level":"info","message":"Request completed","method":"GET","responseTime":"191ms","service":"softbid-api","status":304,"timestamp":"2026-08-23 04:09:44","url":"/api/projects/6a8a252d17d98e2d77debfaa","userId":"6a42a770b149974d99884086","userRole":"client"}
{"ip":"::1","level":"info","message":"Request completed","method":"POST","responseTime":"412ms","service":"softbid-api","status":200,"timestamp":"2026-08-23 04:10:19","url":"/api/auth/login"}
{"ip":"::1","level":"info","message":"Request completed","method":"GET","responseTime":"122ms","service":"softbid-api","status":200,"timestamp":"2026-08-23 04:10:19","url":"/api/users/providers/6a42a770b149974d9988408b","userId":"6a42a770b149974d9988408b","userRole":"provider"}
{"ip":"::1","level":"info","message":"Request completed","method":"GET","responseTime":"125ms","service":"softbid-api","status":200,"timestamp":"2026-08-23 04:10:19","url":"/api/users/providers/6a42a770b149974d9988408b/reviews","userId":"6a42a770b149974d9988408b","userRole":"provider"}
{"ip":"::1","level":"info","message":"Request completed","method":"GET","responseTime":"128ms","service":"softbid-api","status":304,"timestamp":"2026-08-23 04:10:19","url":"/api/users/providers/6a42a770b149974d9988408b","userId":"6a42a770b149974d9988408b","userRole":"provider"}
{"ip":"::1","level":"info","message":"Request completed","method":"GET","responseTime":"128ms","service":"softbid-api","status":304,"timestamp":"2026-08-23 04:10:19","url":"/api/users/providers/6a42a770b149974d9988408b/reviews","userId":"6a42a770b149974d9988408b","userRole":"provider"}
{"ip":"::1","level":"info","message":"Request completed","method":"GET","responseTime":"240ms","service":"softbid-api","status":200,"timestamp":"2026-08-23 04:10:22","url":"/api/projects/open","userId":"6a42a770b149974d9988408b","userRole":"provider"}
{"ip":"::1","level":"info","message":"Request completed","method":"GET","responseTime":"193ms","service":"softbid-api","status":304,"timestamp":"2026-08-23 04:10:22","url":"/api/projects/open","userId":"6a42a770b149974d9988408b","userRole":"provider"}
{"ip":"::1","level":"info","message":"Request completed","method":"GET","responseTime":"162ms","service":"softbid-api","status":200,"timestamp":"2026-08-23 04:10:26","url":"/api/bids/6a8a252d17d98e2d77debfaa","userId":"6a42a770b149974d9988408b","userRole":"provider"}
{"ip":"::1","level":"info","message":"Request completed","method":"GET","responseTime":"204ms","service":"softbid-api","status":200,"timestamp":"2026-08-23 04:10:26","url":"/api/projects/6a8a252d17d98e2d77debfaa","userId":"6a42a770b149974d9988408b","userRole":"provider"}
{"ip":"::1","level":"info","message":"Request completed","method":"GET","responseTime":"129ms","service":"softbid-api","status":304,"timestamp":"2026-08-23 04:10:26","url":"/api/bids/6a8a252d17d98e2d77debfaa","userId":"6a42a770b149974d9988408b","userRole":"provider"}
{"ip":"::1","level":"info","message":"Request completed","method":"GET","responseTime":"177ms","service":"softbid-api","status":304,"timestamp":"2026-08-23 04:10:26","url":"/api/projects/6a8a252d17d98e2d77debfaa","userId":"6a42a770b149974d9988408b","userRole":"provider"}
{"ip":"::1","level":"info","message":"Request completed","method":"POST","responseTime":"460ms","service":"softbid-api","status":201,"timestamp":"2026-08-23 04:10:39","url":"/api/bids","userId":"6a42a770b149974d9988408b","userRole":"provider"}
{"ip":"::1","level":"warn","message":"Request completed with error","method":"POST","responseTime":"141ms","service":"softbid-api","status":400,"timestamp":"2026-08-23 04:18:20","url":"/api/bids","userId":"6a42a770b149974d9988408b","userRole":"provider"}
{"ip":"::1","level":"info","message":"Request completed","method":"GET","responseTime":"183ms","service":"softbid-api","status":200,"timestamp":"2026-08-23 04:20:43","url":"/api/projects/6a8a252d17d98e2d77debfaa","userId":"6a42a770b149974d99884086","userRole":"client"}
{"ip":"::1","level":"info","message":"Request completed","method":"GET","responseTime":"180ms","service":"softbid-api","status":200,"timestamp":"2026-08-23 04:20:43","url":"/api/bids/6a8a252d17d98e2d77debfaa","userId":"6a42a770b149974d99884086","userRole":"client"}
{"ip":"::1","level":"info","message":"Request completed","method":"GET","responseTime":"177ms","service":"softbid-api","status":304,"timestamp":"2026-08-23 04:20:43","url":"/api/projects/6a8a252d17d98e2d77debfaa","userId":"6a42a770b149974d99884086","userRole":"client"}
{"ip":"::1","level":"info","message":"Request completed","method":"GET","responseTime":"177ms","service":"softbid-api","status":304,"timestamp":"2026-08-23 04:20:43","url":"/api/bids/6a8a252d17d98e2d77debfaa","userId":"6a42a770b149974d99884086","userRole":"client"}
{"ip":"::1","level":"info","message":"Request completed","method":"GET","responseTime":"166ms","service":"softbid-api","status":200,"timestamp":"2026-08-23 04:20:58","url":"/api/bids/6a8a252d17d98e2d77debfaa","userId":"6a42a770b149974d9988408b","userRole":"provider"}
{"ip":"::1","level":"info","message":"Request completed","method":"GET","responseTime":"206ms","service":"softbid-api","status":200,"timestamp":"2026-08-23 04:20:58","url":"/api/projects/6a8a252d17d98e2d77debfaa","userId":"6a42a770b149974d9988408b","userRole":"provider"}
{"ip":"::1","level":"info","message":"Request completed","method":"GET","responseTime":"181ms","service":"softbid-api","status":304,"timestamp":"2026-08-23 04:20:58","url":"/api/bids/6a8a252d17d98e2d77debfaa","userId":"6a42a770b149974d9988408b","userRole":"provider"}
{"ip":"::1","level":"info","message":"Request completed","method":"GET","responseTime":"182ms","service":"softbid-api","status":304,"timestamp":"2026-08-23 04:20:58","url":"/api/projects/6a8a252d17d98e2d77debfaa","userId":"6a42a770b149974d9988408b","userRole":"provider"}
{"level":"info","message":"Server running in development mode on port 5001","service":"softbid-api","timestamp":"2026-08-23 04:24:39"}
{"level":"info","message":"Server running in development mode on port 5001","service":"softbid-api","timestamp":"2026-08-23 04:25:21"}
{"level":"info","message":"Server running in development mode on port 5001","service":"softbid-api","timestamp":"2026-08-23 04:26:01"}
{"ip":"::1","level":"info","message":"Request completed","method":"GET","responseTime":"176ms","service":"softbid-api","status":304,"timestamp":"2026-08-23 04:27:33","url":"/api/projects/6a8a252d17d98e2d77debfaa","userId":"6a42a770b149974d99884086","userRole":"client"}
{"ip":"::1","level":"info","message":"Request completed","method":"GET","responseTime":"187ms","service":"softbid-api","status":304,"timestamp":"2026-08-23 04:27:33","url":"/api/bids/6a8a252d17d98e2d77debfaa","userId":"6a42a770b149974d99884086","userRole":"client"}
{"ip":"::1","level":"info","message":"Request completed","method":"GET","responseTime":"214ms","service":"softbid-api","status":304,"timestamp":"2026-08-23 04:27:33","url":"/api/bids/6a8a252d17d98e2d77debfaa","userId":"6a42a770b149974d9988408b","userRole":"provider"}
{"ip":"::1","level":"info","message":"Request completed","method":"GET","responseTime":"228ms","service":"softbid-api","status":304,"timestamp":"2026-08-23 04:27:33","url":"/api/projects/6a8a252d17d98e2d77debfaa","userId":"6a42a770b149974d9988408b","userRole":"provider"}
{"ip":"::1","level":"info","message":"Request completed","method":"GET","responseTime":"185ms","service":"softbid-api","status":304,"timestamp":"2026-08-23 04:29:15","url":"/api/bids/6a8a252d17d98e2d77debfaa","userId":"6a42a770b149974d9988408b","userRole":"provider"}
{"ip":"::1","level":"info","message":"Request completed","method":"GET","responseTime":"195ms","service":"softbid-api","status":304,"timestamp":"2026-08-23 04:29:15","url":"/api/projects/6a8a252d17d98e2d77debfaa","userId":"6a42a770b149974d9988408b","userRole":"provider"}
{"ip":"::1","level":"info","message":"Request completed","method":"GET","responseTime":"174ms","service":"softbid-api","status":304,"timestamp":"2026-08-23 04:29:15","url":"/api/projects/6a8a252d17d98e2d77debfaa","userId":"6a42a770b149974d99884086","userRole":"client"}
{"ip":"::1","level":"info","message":"Request completed","method":"GET","responseTime":"172ms","service":"softbid-api","status":304,"timestamp":"2026-08-23 04:29:15","url":"/api/bids/6a8a252d17d98e2d77debfaa","userId":"6a42a770b149974d99884086","userRole":"client"}
{"ip":"::1","level":"info","message":"Request completed","method":"PUT","responseTime":"477ms","service":"softbid-api","status":200,"timestamp":"2026-08-23 04:30:11","url":"/api/projects/6a8a252d17d98e2d77debfaa/award","userId":"6a42a770b149974d99884086","userRole":"client"}
{"ip":"::1","level":"info","message":"Request completed","method":"GET","responseTime":"112ms","service":"softbid-api","status":200,"timestamp":"2026-08-23 04:30:11","url":"/api/bids/6a8a252d17d98e2d77debfaa","userId":"6a42a770b149974d99884086","userRole":"client"}
{"ip":"::1","level":"info","message":"Request completed","method":"GET","responseTime":"154ms","service":"softbid-api","status":200,"timestamp":"2026-08-23 04:30:11","url":"/api/bids/6a8a252d17d98e2d77debfaa","userId":"6a42a770b149974d9988408b","userRole":"provider"}
{"ip":"::1","level":"info","message":"Request completed","method":"GET","responseTime":"198ms","service":"softbid-api","status":200,"timestamp":"2026-08-23 04:30:11","url":"/api/projects/6a8a252d17d98e2d77debfaa","userId":"6a42a770b149974d99884086","userRole":"client"}
{"ip":"::1","level":"info","message":"Request completed","method":"GET","responseTime":"648ms","service":"softbid-api","status":200,"timestamp":"2026-08-23 04:30:12","url":"/api/projects/6a8a252d17d98e2d77debfaa","userId":"6a42a770b149974d9988408b","userRole":"provider"}
{"ip":"::1","level":"info","message":"Request completed","method":"GET","responseTime":"207ms","service":"softbid-api","status":200,"timestamp":"2026-08-23 04:30:20","url":"/api/projects/open","userId":"6a42a770b149974d9988408b","userRole":"provider"}
{"ip":"::1","level":"info","message":"Request completed","method":"GET","responseTime":"179ms","service":"softbid-api","status":304,"timestamp":"2026-08-23 04:30:20","url":"/api/projects/open","userId":"6a42a770b149974d9988408b","userRole":"provider"}
{"ip":"::1","level":"info","message":"Request completed","method":"GET","responseTime":"176ms","service":"softbid-api","status":200,"timestamp":"2026-08-23 04:30:47","url":"/api/users/providers","userId":"6a42a770b149974d9988408b","userRole":"provider"}
{"ip":"::1","level":"info","message":"Request completed","method":"GET","responseTime":"129ms","service":"softbid-api","status":304,"timestamp":"2026-08-23 04:30:47","url":"/api/users/providers","userId":"6a42a770b149974d9988408b","userRole":"provider"}
{"level":"info","message":"Server running in development mode on port 5001","service":"softbid-api","timestamp":"2026-08-23 04:37:32"}
{"level":"info","message":"Server running in development mode on port 5001","service":"softbid-api","timestamp":"2026-08-23 04:39:07"}
{"level":"info","message":"Server running in development mode on port 5001","service":"softbid-api","timestamp":"2026-08-23 04:40:00"}
{"level":"info","message":"Server running in development mode on port 5001","service":"softbid-api","timestamp":"2026-08-23 04:41:18"}
{"ip":"::1","level":"info","message":"Request completed","method":"GET","responseTime":"82ms","service":"softbid-api","status":200,"timestamp":"2026-08-23 04:48:41","url":"/api/auth/me","userId":"6a42a770b149974d99884086","userRole":"client"}
{"ip":"::1","level":"info","message":"Request completed","method":"GET","responseTime":"83ms","service":"softbid-api","status":304,"timestamp":"2026-08-23 04:48:41","url":"/api/auth/me","userId":"6a42a770b149974d99884086","userRole":"client"}
{"ip":"::1","level":"info","message":"Request completed","method":"GET","responseTime":"151ms","service":"softbid-api","status":200,"timestamp":"2026-08-23 04:48:41","url":"/api/projects/my-projects","userId":"6a42a770b149974d99884086","userRole":"client"}
{"ip":"::1","level":"info","message":"Request completed","method":"GET","responseTime":"113ms","service":"softbid-api","status":304,"timestamp":"2026-08-23 04:48:41","url":"/api/projects/my-projects","userId":"6a42a770b149974d99884086","userRole":"client"}
{"ip":"::1","level":"info","message":"Request completed","method":"GET","responseTime":"61ms","service":"softbid-api","status":304,"timestamp":"2026-08-23 04:48:47","url":"/api/auth/me","userId":"6a42a770b149974d99884086","userRole":"client"}
{"ip":"::1","level":"info","message":"Request completed","method":"GET","responseTime":"64ms","service":"softbid-api","status":304,"timestamp":"2026-08-23 04:48:47","url":"/api/auth/me","userId":"6a42a770b149974d99884086","userRole":"client"}
{"ip":"::1","level":"info","message":"Request completed","method":"GET","responseTime":"110ms","service":"softbid-api","status":304,"timestamp":"2026-08-23 04:48:47","url":"/api/projects/my-projects","userId":"6a42a770b149974d99884086","userRole":"client"}
{"ip":"::1","level":"info","message":"Request completed","method":"GET","responseTime":"139ms","service":"softbid-api","status":304,"timestamp":"2026-08-23 04:48:47","url":"/api/projects/my-projects","userId":"6a42a770b149974d99884086","userRole":"client"}
{"ip":"::1","level":"info","message":"Request completed","method":"GET","responseTime":"120ms","service":"softbid-api","status":304,"timestamp":"2026-08-23 04:48:51","url":"/api/bids/6a8a252d17d98e2d77debfaa","userId":"6a42a770b149974d99884086","userRole":"client"}
{"ip":"::1","level":"info","message":"Request completed","method":"GET","responseTime":"181ms","service":"softbid-api","status":200,"timestamp":"2026-08-23 04:48:52","url":"/api/projects/6a8a252d17d98e2d77debfaa","userId":"6a42a770b149974d99884086","userRole":"client"}
{"ip":"::1","level":"info","message":"Request completed","method":"GET","responseTime":"111ms","service":"softbid-api","status":304,"timestamp":"2026-08-23 04:48:52","url":"/api/bids/6a8a252d17d98e2d77debfaa","userId":"6a42a770b149974d99884086","userRole":"client"}
{"ip":"::1","level":"info","message":"Request completed","method":"GET","responseTime":"185ms","service":"softbid-api","status":304,"timestamp":"2026-08-23 04:48:52","url":"/api/projects/6a8a252d17d98e2d77debfaa","userId":"6a42a770b149974d99884086","userRole":"client"}
{"ip":"::1","level":"info","message":"Request completed","method":"GET","responseTime":"59ms","service":"softbid-api","status":304,"timestamp":"2026-08-23 04:48:57","url":"/api/auth/me","userId":"6a42a770b149974d99884086","userRole":"client"}
{"ip":"::1","level":"info","message":"Request completed","method":"GET","responseTime":"68ms","service":"softbid-api","status":304,"timestamp":"2026-08-23 04:48:57","url":"/api/auth/me","userId":"6a42a770b149974d99884086","userRole":"client"}
{"ip":"::1","level":"info","message":"Request completed","method":"GET","responseTime":"113ms","service":"softbid-api","status":304,"timestamp":"2026-08-23 04:48:57","url":"/api/projects/my-projects","userId":"6a42a770b149974d99884086","userRole":"client"}
{"ip":"::1","level":"info","message":"Request completed","method":"GET","responseTime":"122ms","service":"softbid-api","status":304,"timestamp":"2026-08-23 04:48:57","url":"/api/projects/my-projects","userId":"6a42a770b149974d99884086","userRole":"client"}
{"ip":"::1","level":"info","message":"Request completed","method":"GET","responseTime":"673ms","service":"softbid-api","status":200,"timestamp":"2026-08-23 04:49:17","url":"/api/projects/open","userId":"6a42a770b149974d9988408b","userRole":"provider"}
{"ip":"::1","level":"info","message":"Request completed","method":"GET","responseTime":"669ms","service":"softbid-api","status":200,"timestamp":"2026-08-23 04:49:17","url":"/api/projects/won","userId":"6a42a770b149974d9988408b","userRole":"provider"}
{"ip":"::1","level":"info","message":"Request completed","method":"GET","responseTime":"177ms","service":"softbid-api","status":304,"timestamp":"2026-08-23 04:49:17","url":"/api/projects/won","userId":"6a42a770b149974d9988408b","userRole":"provider"}
{"ip":"::1","level":"info","message":"Request completed","method":"GET","responseTime":"186ms","service":"softbid-api","status":304,"timestamp":"2026-08-23 04:49:17","url":"/api/projects/open","userId":"6a42a770b149974d9988408b","userRole":"provider"}
{"ip":"::1","level":"info","message":"Request completed","method":"GET","responseTime":"201ms","service":"softbid-api","status":200,"timestamp":"2026-08-23 04:49:21","url":"/api/projects/6a8a252d17d98e2d77debfaa","userId":"6a42a770b149974d9988408b","userRole":"provider"}
{"ip":"::1","level":"info","message":"Request completed","method":"GET","responseTime":"179ms","service":"softbid-api","status":304,"timestamp":"2026-08-23 04:49:21","url":"/api/projects/6a8a252d17d98e2d77debfaa","userId":"6a42a770b149974d9988408b","userRole":"provider"}
{"ip":"::1","level":"info","message":"Request completed","method":"PUT","responseTime":"832ms","service":"softbid-api","status":200,"timestamp":"2026-08-23 04:49:40","url":"/api/projects/6a8a252d17d98e2d77debfaa/accept","userId":"6a42a770b149974d9988408b","userRole":"provider"}
{"ip":"::1","level":"info","message":"Request completed","method":"POST","responseTime":"272ms","service":"softbid-api","status":201,"timestamp":"2026-08-23 04:51:27","url":"/api/projects/6a8a252d17d98e2d77debfaa/milestones","userId":"6a42a770b149974d9988408b","userRole":"provider"}
{"ip":"::1","level":"info","message":"Request completed","method":"GET","responseTime":"65ms","service":"softbid-api","status":304,"timestamp":"2026-08-23 04:51:44","url":"/api/auth/me","userId":"6a42a770b149974d99884086","userRole":"client"}
{"ip":"::1","level":"info","message":"Request completed","method":"GET","responseTime":"64ms","service":"softbid-api","status":304,"timestamp":"2026-08-23 04:51:44","url":"/api/auth/me","userId":"6a42a770b149974d99884086","userRole":"client"}
{"ip":"::1","level":"info","message":"Request completed","method":"GET","responseTime":"129ms","service":"softbid-api","status":200,"timestamp":"2026-08-23 04:51:44","url":"/api/projects/my-projects","userId":"6a42a770b149974d99884086","userRole":"client"}
{"ip":"::1","level":"info","message":"Request completed","method":"GET","responseTime":"116ms","service":"softbid-api","status":304,"timestamp":"2026-08-23 04:51:44","url":"/api/projects/my-projects","userId":"6a42a770b149974d99884086","userRole":"client"}
{"ip":"::1","level":"info","message":"Request completed","method":"PUT","responseTime":"241ms","service":"softbid-api","status":200,"timestamp":"2026-08-23 04:52:00","url":"/api/projects/6a8a252d17d98e2d77debfaa/milestones/6a8a2ef74732436cc795c991/approve","userId":"6a42a770b149974d99884086","userRole":"client"}
{"ip":"::1","level":"info","message":"Request completed","method":"GET","responseTime":"67ms","service":"softbid-api","status":304,"timestamp":"2026-08-23 04:52:01","url":"/api/auth/me","userId":"6a42a770b149974d99884086","userRole":"client"}
{"ip":"::1","level":"info","message":"Request completed","method":"GET","responseTime":"189ms","service":"softbid-api","status":200,"timestamp":"2026-08-23 04:52:01","url":"/api/projects/6a8a252d17d98e2d77debfaa","userId":"6a42a770b149974d9988408b","userRole":"provider"}
{"ip":"::1","level":"info","message":"Request completed","method":"GET","responseTime":"122ms","service":"softbid-api","status":200,"timestamp":"2026-08-23 04:52:01","url":"/api/projects/my-projects","userId":"6a42a770b149974d99884086","userRole":"client"}
{"ip":"::1","level":"warn","message":"Request completed with error","method":"PUT","responseTime":"93ms","service":"softbid-api","status":500,"timestamp":"2026-08-23 04:52:07","url":"/api/projects/6a8a252d17d98e2d77debfaa/complete","userId":"6a42a770b149974d99884086","userRole":"client"}
{"ip":"::1","level":"warn","message":"Request completed with error","method":"PUT","responseTime":"79ms","service":"softbid-api","status":500,"timestamp":"2026-08-23 04:52:08","url":"/api/projects/6a8a252d17d98e2d77debfaa/complete","userId":"6a42a770b149974d99884086","userRole":"client"}
{"ip":"::1","level":"info","message":"Request completed","method":"GET","responseTime":"81ms","service":"softbid-api","status":304,"timestamp":"2026-08-23 04:52:39","url":"/api/auth/me","userId":"6a42a770b149974d99884086","userRole":"client"}
{"ip":"::1","level":"warn","message":"Request completed with error","method":"GET","responseTime":"4ms","service":"softbid-api","status":429,"timestamp":"2026-08-23 04:52:39","url":"/api/auth/me"}
{"ip":"::1","level":"info","message":"Request completed","method":"GET","responseTime":"131ms","service":"softbid-api","status":304,"timestamp":"2026-08-23 04:52:39","url":"/api/projects/my-projects","userId":"6a42a770b149974d99884086","userRole":"client"}
{"ip":"::1","level":"warn","message":"Request completed with error","method":"PUT","responseTime":"166ms","service":"softbid-api","status":500,"timestamp":"2026-08-23 04:52:46","url":"/api/projects/6a8a252d17d98e2d77debfaa/complete","userId":"6a42a770b149974d99884086","userRole":"client"}
{"ip":"::1","level":"warn","message":"Request completed with error","method":"PUT","responseTime":"114ms","service":"softbid-api","status":500,"timestamp":"2026-08-23 04:52:48","url":"/api/projects/6a8a252d17d98e2d77debfaa/complete","userId":"6a42a770b149974d99884086","userRole":"client"}
{"ip":"::1","level":"warn","message":"Request completed with error","method":"PUT","responseTime":"96ms","service":"softbid-api","status":500,"timestamp":"2026-08-23 04:52:49","url":"/api/projects/6a8a252d17d98e2d77debfaa/complete","userId":"6a42a770b149974d99884086","userRole":"client"}
{"ip":"::1","level":"warn","message":"Request completed with error","method":"PUT","responseTime":"64ms","service":"softbid-api","status":500,"timestamp":"2026-08-23 04:52:49","url":"/api/projects/6a8a252d17d98e2d77debfaa/complete","userId":"6a42a770b149974d99884086","userRole":"client"}
{"ip":"::1","level":"warn","message":"Request completed with error","method":"GET","responseTime":"3ms","service":"softbid-api","status":429,"timestamp":"2026-08-23 05:03:13","url":"/api/auth/me"}
{"ip":"::1","level":"warn","message":"Request completed with error","method":"GET","responseTime":"0ms","service":"softbid-api","status":429,"timestamp":"2026-08-23 05:03:13","url":"/api/auth/me"}
{"ip":"::1","level":"warn","message":"Request completed with error","method":"GET","responseTime":"5027ms","service":"softbid-api","status":401,"timestamp":"2026-08-23 05:03:18","url":"/api/projects/6a8a252d17d98e2d77debfaa"}
{"ip":"::1","level":"warn","message":"Request completed with error","method":"GET","responseTime":"26155ms","service":"softbid-api","status":401,"timestamp":"2026-08-23 05:03:44","url":"/api/projects/6a8a252d17d98e2d77debfaa"}
{"ip":"::1","level":"warn","message":"Request completed with error","method":"GET","responseTime":"5021ms","service":"softbid-api","status":401,"timestamp":"2026-08-23 05:16:55","url":"/api/auth/me"}
{"ip":"::1","level":"warn","message":"Request completed with error","method":"GET","responseTime":"5004ms","service":"softbid-api","status":401,"timestamp":"2026-08-23 05:17:00","url":"/api/auth/me"}
{"ip":"::1","level":"warn","message":"Request completed with error","method":"POST","responseTime":"5015ms","service":"softbid-api","status":500,"timestamp":"2026-08-23 05:19:21","url":"/api/auth/login"}
